2023-11-16 19:37:04,303 INFO     ***Starting conversion (gemlog version 1.7.5)***
2023-11-16 19:37:04,303 INFO     Dependencies: Python 3.11.4, obspy 1.4.0, pandas 2.0.3, scipy 1.11.1, numpy 1.25.1
2023-11-16 19:37:04,304 INFO     platform.uname(): Linux, 5.15.0-88-generic, #98~20.04.1-Ubuntu SMP Mon Oct 9 16:43:45 UTC 2023, x86_64, x86_64
2023-11-16 19:37:04,304 INFO     Call: gemconvert -i ..
2023-11-16 19:37:04,304 INFO     inputdir=".."
2023-11-16 19:37:04,304 INFO     outputdir="mseed"
2023-11-16 19:37:04,304 INFO     serial number list = ['', '128']
2023-11-16 19:37:04,304 INFO     format="MSEED", length_hours=24, test=False, parallel=1
2023-11-16 19:37:04,309 INFO     Beginning 
2023-11-16 19:37:04,310 ERROR    Invalid serial number
Traceback (most recent call last):
  File "/home/jake/Work/gemlog_python/gemlog/core.py", line 151, in convert
    int(SN) # make sure it's number-like
    ^^^^^^^
ValueError: invalid literal for int() with base 10: ''

During handling of the above exception, another exception occurred:

Traceback (most recent call last):
  File "/home/jake/Work/gemlog_python/gemlog/gemconvert.py", line 30, in convert_single_SN
    problems = gemlog.convert(inputdir, SN = SN, convertedpath = outputdir, output_format = output_format, file_length_hour = output_length, network = network, station = station, location = location)
               ^^^^^^^^^^^^^^^^^^^^^^^^^^^^^^^^^^^^^^^^^^^^^^^^^^^^^^^^^^^^^^^^^^^^^^^^^^^^^^^^^^^^^^^^^^^^^^^^^^^^^^^^^^^^^^^^^^^^^^^^^^^^^^^^^^^^^^^^^^^^^^^^^^^^^^^^^^^^^^^^^^^^^^^^^^^^^^^^^^^^^^^^
  File "/home/jake/Work/gemlog_python/gemlog/core.py", line 153, in convert
    raise Exception('Invalid serial number')
Exception: Invalid serial number
2023-11-16 19:37:04,312 INFO     Fatal error in 
2023-11-16 19:37:04,313 INFO     Completed 
2023-11-16 19:37:04,313 INFO     Beginning 128
2023-11-16 19:37:37,094 INFO     Non-fatal errors: ['No GPS data in ../FILE0000.128, skipping this file', 'Insufficient GPS data in ../FILE0006.128, skipping this file']
2023-11-16 19:37:37,094 INFO     Completed 128
